// Jest Snapshot v1, https://goo.gl/fbAQLP

exports[`MyBusinesses component MyBusinesses component renders successfully 1`] = `
<div>
  <section
    id="body"
  >
    <NavBar />
    <div
      className="container"
    >
      <div
        className="row"
        id="search_business"
      >
        <form
          className="flex-grow"
          onSubmit={[Function]}
        >
          <div
            className="input-group"
          >
            <select
              className="custom-select"
              id="inputGroupSelectBusiness"
              name="search_item"
            >
              <option
                value="name"
              >
                Business Name
              </option>
              <option
                value="location"
              >
                Business Location
              </option>
              <option
                value="category"
              >
                Business Category
              </option>
            </select>
            <input
              className="form-control"
              id="search_input"
              name="businessName"
              placeholder="Enter Search Text"
              type="text"
            />
            <div
              className="input-group-append"
            >
              <button
                className="btn btn-outline-secondary"
                id="btn_search_business"
                type="submit"
              >
                Search
              </button>
            </div>
          </div>
        </form>
      </div>
      <div
        className="no-business white-bg"
      >
        <br />
        <br />
        <br />
        <h4>
          There are no businesses matching this query.
        </h4>
        <br />
        <a
          className="btn btn-primary"
          href="/businesses"
        >
          See all businesses
        </a>
      </div>
    </div>
    <br />
    <div
      className="row mypagination h-100 justify-content-center align-items-center"
    >
      <t
        initialPage={1}
        items={Array []}
        labels={
          Object {
            "first": "First",
            "last": "Last",
            "next": "Next",
            "previous": "Previous",
          }
        }
        onChangePage={[Function]}
        pageSize={6}
        style="margin: 0px 10px 10px 10px;padding: 0px;display: inline-block;"
      />
    </div>
  </section>
  <Footer />
</div>
`;

exports[`RegisterBusiness component RegisterBusiness coponent renders successfully 1`] = `
<div>
  <section
    id="body"
  >
    <NavBar />
    <div
      className="container col-min-6"
      id="loginContainer"
    >
      <div
        className="wrapper"
        id="loginWrapper"
      >
        <form>
          <div
            className="col-sm-12"
            id="loginLogo"
          >
            <img
              alt="logo"
              className="img-fluid"
              src="weConnect.png"
            />
          </div>
          <div
            className="form-group"
          >
            <label
              htmlFor="loginFName"
            >
              Business Name
            </label>
            <input
              className="form-control"
              id="businessNameInput"
              name="businessName"
              onChange={[Function]}
              placeholder="Enter business name"
              type="text"
              value=""
            />
          </div>
          <div
            className="form-group"
          >
            <label
              htmlFor="loginEmail"
            >
              Select Category
            </label>
            <select
              className="custom-select"
              id="inputGroupSelectBusiness"
              onChange={[Function]}
            >
              <option
                value="it"
              >
                IT
              </option>
              <option
                value="agribusiness"
              >
                Agribusiness
              </option>
              <option
                value="travel"
              >
                Travel
              </option>
              <option
                value="hospitality"
              >
                Hospitality
              </option>
            </select>
          </div>
          <div
            className="form-group"
          >
            <label
              htmlFor="loginEmail"
            >
              Business Location
            </label>
            <input
              className="form-control"
              id="businessLocationInput"
              name="businessLocation"
              onChange={[Function]}
              placeholder="Enter business location"
              type="text"
              value=""
            />
          </div>
          <div
            className="form-group"
          >
            <label
              htmlFor="loginEmail"
            >
              Web Address
            </label>
            <input
              className="form-control"
              id="webAddressInput"
              name="webAddress"
              onChange={[Function]}
              placeholder="Enter web address"
              type="text"
              value=""
            />
          </div>
          <button
            className="btn btn-primary btn-block"
            onClick={[Function]}
            type="submit"
          >
            Register
          </button>
          <br />
        </form>
      </div>
    </div>
  </section>
  <Footer />
</div>
`;
